// Jest Snapshot v1, https://goo.gl/fbAQLP

exports[`categories Duck Tests Action Generator clearCategoriesData should match the snapshot 1`] = `
Object {
  "type": "modules/spootify-app/CLEAR_CATEGORIES_DATA",
}
`;

exports[`categories Duck Tests Action Generator setCategoriesData should match the snapshot 1`] = `
Object {
  "data": Array [
    Object {
      "mockVariable": "mockValue",
    },
  ],
  "type": "modules/spootify-app/SET_CATEGORIES_DATA",
}
`;
